// 重构日志: b7e731a1
// 重构日志: 0db6c196
// 同步 ID: 167cd7eb @ Sun Jul 19 07:59:00 UTC 2026
// 重构日志: 63b70c36
// 同步 ID: 8aba89ce @ Sun Jul 19 23:46:30 UTC 2026
// 重构日志: e2469e9c
// 重构日志: 98ca1886
// 重构日志: 2a35e248
// 重构日志: f3dbbdbd
// 同步 ID: bbbbb5f0 @ Thu Jul 23 08:14:41 UTC 2026
// 重构日志: ca1f8bcb
// 重构日志: 302cfdba
// 重构日志: c5c12f2b
// 重构日志: d3455e47
// 重构日志: 1453c2b0
// 重构日志: c67d90d6
// 同步 ID: b2e62e52 @ Fri Jul 31 10:06:03 UTC 2026
// 同步 ID: 87443008 @ Sat Aug  1 01:13:16 UTC 2026
// 同步 ID: 67877493 @ Sat Aug  1 09:55:38 UTC 2026
// 重构日志: d5a91e77
// 重构日志: 7b409576
// 同步 ID: 808a7841 @ Mon Aug  3 17:40:02 UTC 2026
// 同步 ID: b07e6248 @ Wed Aug  5 08:27:15 UTC 2026
// 重构日志: a48143c5
// 同步 ID: 46649f4b @ Thu Aug  6 12:28:58 UTC 2026
// 重构日志: b8d8327e
// 重构日志: 1cb6d92a
// 重构日志: 5a0ebfd7
